node.exe : PASS tests/unit
/validation.schemas.test.j
s
At C:\Users\shekh\Desktop\
zorvyn\node_modules\.bin\j
est.ps1:24 char:5
+     & "node$exe"  "$base
dir/../jest/bin/jest.js" 
$args
+     ~~~~~~~~~~~~~~~~~~~~
~~~~~~~~~~~~~~~~~~~~~~~~~~
~~~~
    + CategoryInfo        
      : NotSpecified: (P  
  ASS tests/unit...sche   
 mas.test.js:String) [    
], RemoteException
    + FullyQualifiedError 
   Id : NativeCommandErr  
  or
 
  userSchema.create
    ΓêÜ accepts valid 
user data (10 ms)
    ΓêÜ rejects missing 
name (1 ms)
    ΓêÜ rejects invalid 
email (1 ms)
    ΓêÜ rejects password 
shorter than 6 characters 
(2 ms)
    ΓêÜ rejects invalid 
role value (2 ms)
    ΓêÜ defaults role to 
viewer when not provided 
(1 ms)
  recordSchema.create
    ΓêÜ accepts valid 
record data (2 ms)
    ΓêÜ rejects negative 
amount
    ΓêÜ rejects zero 
amount (1 ms)
    ΓêÜ rejects invalid 
type (not income/expense) 
(1 ms)
    ΓêÜ rejects missing 
required fields (1 ms)
    ΓêÜ accepts optional 
description field
  authSchema.login
    ΓêÜ accepts valid 
email and password
    ΓêÜ rejects missing 
password (1 ms)
    ΓêÜ rejects invalid 
email format (1 ms)
  querySchema.listRecords
    ΓêÜ accepts valid 
query parameters (1 ms)
    ΓêÜ rejects invalid 
type in query
    ΓêÜ rejects limit 
exceeding 100 (1 ms)

PASS tests/unit/auth.middl
eware.test.js
  authenticateUser 
middleware
    ΓêÜ returns 401 when 
Authorization header is 
missing (12 ms)
    ΓêÜ returns 401 when 
Authorization header has 
wrong format (2 ms)
    ΓêÜ returns 401 for 
an invalid/tampered token 
(2 ms)
    ΓêÜ returns 401 for 
an expired token (7 ms)
    ΓêÜ calls next() and 
sets req.user for a valid 
token (3 ms)
  authorizeRoles 
middleware
    ΓêÜ returns 403 when 
user role is not in 
allowed list (1 ms)
    ΓêÜ calls next() when 
user role is allowed (1 
ms)
    ΓêÜ returns 401 when 
req.user is missing

  console.log
    Γ£ô Server running on port 3000

      at Server.log (src/index.js:62:11)

  console.log
    Γ£ô Environment: test

      at Server.log (src/index.js:63:11)

  console.log
    Γ£ô Auth: JWT (Bearer token)

      at Server.log (src/index.js:64:11)

PASS tests/integration/aut
h.routes.test.js
  POST /api/auth/register
    ΓêÜ 201 ΓÇö registers 
a new user and returns a 
JWT token (163 ms)
    ΓêÜ 400 ΓÇö rejects 
invalid email (6 ms)
    ΓêÜ 400 ΓÇö rejects 
short password (8 ms)
    ΓêÜ 409 ΓÇö returns 
conflict for duplicate 
email (70 ms)
  POST /api/auth/login
    ΓêÜ 200 ΓÇö returns 
JWT for valid credentials 
(70 ms)
    ΓêÜ 401 ΓÇö rejects 
wrong password (71 ms)
    ΓêÜ 401 ΓÇö rejects 
non-existent user (4 ms)
    ΓêÜ 403 ΓÇö rejects 
inactive user (5 ms)
  GET /health
    ΓêÜ 200 ΓÇö health 
check is public (no auth 
needed) (5 ms)
  Protected route access 
control
    ΓêÜ 401 ΓÇö 
/api/records requires 
Authorization header (4 
ms)
    ΓêÜ 401 ΓÇö 
/api/users requires 
Authorization header (3 
ms)
    ΓêÜ 401 ΓÇö 
/api/analytics/summary 
requires Authorization 
header (3 ms)

A worker process has 
failed to exit gracefully 
and has been force 
exited. This is likely 
caused by tests leaking 
due to improper teardown. 
Try running with 
--detectOpenHandles to 
find leaks. Active timers 
can also cause this, 
ensure that .unref() was 
called on them.
Test Suites: 3 passed, 3 
total
Tests:       38 passed, 
38 total
Snapshots:   0 total
Time:        2.667 s
Ran all test suites.
Force exiting Jest: Have 
you considered using 
`--detectOpenHandles` to 
detect async operations 
that kept running after 
all tests finished?
